** Drc report for /Users/jamming6123/Documents/SpaceTech_GARAGE/KiCad/rsp02_LoadSW_OCP_Circuit_v1_2/rsp02_LoadSW_OCP_Circuit_v1_2.kicad_pcb **
** Created on 2020-09-27 16:39:33 **

** Found 1 DRC errors **
ErrType(19): パッドがパッドに近すぎます
    @(146.058 mm, 95.500 mm): パッド 9 - Q1 ( F.Cuその他 上)
    @(146.935 mm, 94.510 mm): パッド 8 - Q1 ( F.Cuその他 上)

** Found 56 unconnected pads **
ErrType(2): 未配線アイテム
    @(143.500 mm, 106.787 mm): パッド 2 - Rh1 ( F.Cuその他 上)
    @(148.025 mm, 109.135 mm): パッド 3 - IC1 ( F.Cuその他 上)
ErrType(2): 未配線アイテム
    @(129.850 mm, 105.250 mm): パッド 3 - RV1 ( F.Cuその他 上)
    @(135.000 mm, 101.037 mm): パッド 1 - R1 ( F.Cuその他 上)
ErrType(2): 未配線アイテム
    @(143.500 mm, 106.787 mm): パッド 2 - Rh1 ( F.Cuその他 上)
    @(135.000 mm, 101.037 mm): パッド 1 - R1 ( F.Cuその他 上)
ErrType(2): 未配線アイテム
    @(130.250 mm, 99.713 mm): パッド 2 - C1 ( F.Cuその他 上)
    @(131.000 mm, 97.000 mm): パッド 2 - J1 ( 全ての導体レイヤー 上)
ErrType(2): 未配線アイテム
    @(159.250 mm, 103.037 mm): パッド 2 - R7 ( F.Cuその他 上)
    @(162.500 mm, 102.450 mm): パッド 2 - Q3 ( F.Cuその他 上)
ErrType(2): 未配線アイテム
    @(157.537 mm, 106.500 mm): パッド 2 - C2 ( F.Cuその他 上)
    @(159.250 mm, 103.037 mm): パッド 2 - R7 ( F.Cuその他 上)
ErrType(2): 未配線アイテム
    @(135.000 mm, 99.463 mm): パッド 2 - R1 ( F.Cuその他 上)
    @(131.000 mm, 97.000 mm): パッド 2 - J1 ( 全ての導体レイヤー 上)
ErrType(2): 未配線アイテム
    @(159.250 mm, 103.037 mm): パッド 2 - R7 ( F.Cuその他 上)
    @(159.000 mm, 97.250 mm): パッド 2 - J3 ( 全ての導体レイヤー 上)
ErrType(2): 未配線アイテム
    @(165.500 mm, 97.000 mm): パッド 2 - J4 ( 全ての導体レイヤー 上)
    @(162.500 mm, 102.450 mm): パッド 2 - Q3 ( F.Cuその他 上)
ErrType(2): 未配線アイテム
    @(148.025 mm, 110.405 mm): パッド 4 - IC1 ( F.Cuその他 上)
    @(141.000 mm, 106.787 mm): パッド 2 - R3 ( F.Cuその他 上)
ErrType(2): 未配線アイテム
    @(151.000 mm, 101.000 mm): パッド 4 - J2 ( 全ての導体レイヤー 上)
    @(159.250 mm, 103.037 mm): パッド 2 - R7 ( F.Cuその他 上)
ErrType(2): 未配線アイテム
    @(141.000 mm, 106.787 mm): パッド 2 - R3 ( F.Cuその他 上)
    @(135.000 mm, 99.463 mm): パッド 2 - R1 ( F.Cuその他 上)
ErrType(2): 未配線アイテム
    @(151.000 mm, 101.000 mm): パッド 4 - J2 ( 全ての導体レイヤー 上)
    @(148.025 mm, 110.405 mm): パッド 4 - IC1 ( F.Cuその他 上)
ErrType(2): 未配線アイテム
    @(152.975 mm, 106.595 mm): パッド 8 - IC1 ( F.Cuその他 上)
    @(155.963 mm, 106.500 mm): パッド 1 - C2 ( F.Cuその他 上)
ErrType(2): 未配線アイテム
    @(131.000 mm, 95.000 mm): パッド 1 - J1 ( 全ての導体レイヤー 上)
    @(134.600 mm, 95.500 mm): パッド 2 - R2 ( F.Cuその他 上)
ErrType(2): 未配線アイテム
    @(155.963 mm, 106.500 mm): パッド 1 - C2 ( F.Cuその他 上)
    @(155.963 mm, 110.500 mm): パッド 1 - R8 ( F.Cuその他 上)
ErrType(2): 未配線アイテム
    @(131.000 mm, 110.750 mm): パッド 2 - RV1 ( F.Cuその他 上)
    @(132.150 mm, 105.250 mm): パッド 1 - RV1 ( F.Cuその他 上)
ErrType(2): 未配線アイテム
    @(134.600 mm, 95.500 mm): パッド 2 - R2 ( F.Cuその他 上)
    @(132.150 mm, 105.250 mm): パッド 1 - RV1 ( F.Cuその他 上)
ErrType(2): 未配線アイテム
    @(132.150 mm, 105.250 mm): パッド 1 - RV1 ( F.Cuその他 上)
    @(152.975 mm, 106.595 mm): パッド 8 - IC1 ( F.Cuその他 上)
ErrType(2): 未配線アイテム
    @(146.935 mm, 95.170 mm): パッド 7 - Q1 ( F.Cuその他 上)
    @(146.935 mm, 94.510 mm): パッド 8 - Q1 ( F.Cuその他 上)
ErrType(2): 未配線アイテム
    @(146.935 mm, 95.830 mm): パッド 6 - Q1 ( F.Cuその他 上)
    @(146.935 mm, 95.170 mm): パッド 7 - Q1 ( F.Cuその他 上)
ErrType(2): 未配線アイテム
    @(146.935 mm, 96.490 mm): パッド 5 - Q1 ( F.Cuその他 上)
    @(146.935 mm, 95.830 mm): パッド 6 - Q1 ( F.Cuその他 上)
ErrType(2): 未配線アイテム
    @(148.287 mm, 98.500 mm): パッド 1 - C3 ( F.Cuその他 上)
    @(146.935 mm, 96.490 mm): パッド 5 - Q1 ( F.Cuその他 上)
ErrType(2): 未配線アイテム
    @(146.935 mm, 95.170 mm): パッド 7 - Q1 ( F.Cuその他 上)
    @(151.000 mm, 95.000 mm): パッド 1 - J2 ( 全ての導体レイヤー 上)
ErrType(2): 未配線アイテム
    @(159.000 mm, 95.250 mm): パッド 1 - J3 ( 全ての導体レイヤー 上)
    @(155.750 mm, 94.100 mm): パッド 2 - CR3 ( F.Cuその他 上)
ErrType(2): 未配線アイテム
    @(165.500 mm, 95.000 mm): パッド 1 - J4 ( 全ての導体レイヤー 上)
    @(162.250 mm, 94.100 mm): パッド 2 - CR4 ( F.Cuその他 上)
ErrType(2): 未配線アイテム
    @(160.525 mm, 107.865 mm): パッド 2 - Q2 ( F.Cuその他 上)
    @(160.525 mm, 109.135 mm): パッド 3 - Q2 ( F.Cuその他 上)
ErrType(2): 未配線アイテム
    @(160.525 mm, 106.595 mm): パッド 1 - Q2 ( F.Cuその他 上)
    @(160.525 mm, 107.865 mm): パッド 2 - Q2 ( F.Cuその他 上)
ErrType(2): 未配線アイテム
    @(144.287 mm, 110.250 mm): パッド 2 - R6 ( F.Cuその他 上)
    @(144.065 mm, 96.490 mm): パッド 4 - Q1 ( F.Cuその他 上)
ErrType(2): 未配線アイテム
    @(160.525 mm, 109.135 mm): パッド 3 - Q2 ( F.Cuその他 上)
    @(144.287 mm, 110.250 mm): パッド 2 - R6 ( F.Cuその他 上)
ErrType(2): 未配線アイテム
    @(160.525 mm, 110.405 mm): パッド 4 - Q2 ( F.Cuその他 上)
    @(157.537 mm, 110.500 mm): パッド 2 - R8 ( F.Cuその他 上)
ErrType(2): 未配線アイテム
    @(164.500 mm, 101.500 mm): パッド 3 - Q3 ( F.Cuその他 上)
    @(160.525 mm, 110.405 mm): パッド 4 - Q2 ( F.Cuその他 上)
ErrType(2): 未配線アイテム
    @(141.000 mm, 105.213 mm): パッド 1 - R3 ( F.Cuその他 上)
    @(139.500 mm, 101.400 mm): パッド 2 - CR1 ( F.Cuその他 上)
ErrType(2): 未配線アイテム
    @(141.000 mm, 105.213 mm): パッド 1 - R3 ( F.Cuその他 上)
    @(135.850 mm, 105.250 mm): パッド 3 - RV2 ( F.Cuその他 上)
ErrType(2): 未配線アイテム
    @(135.850 mm, 105.250 mm): パッド 3 - RV2 ( F.Cuその他 上)
    @(130.250 mm, 101.287 mm): パッド 1 - C1 ( F.Cuその他 上)
ErrType(2): 未配線アイテム
    @(141.000 mm, 105.213 mm): パッド 1 - R3 ( F.Cuその他 上)
    @(148.025 mm, 107.865 mm): パッド 2 - IC1 ( F.Cuその他 上)
ErrType(2): 未配線アイテム
    @(148.287 mm, 100.500 mm): パッド 2 - R5 ( F.Cuその他 上)
    @(146.713 mm, 98.500 mm): パッド 2 - C3 ( F.Cuその他 上)
ErrType(2): 未配線アイテム
    @(155.250 mm, 101.463 mm): パッド 1 - R4 ( F.Cuその他 上)
    @(148.287 mm, 100.500 mm): パッド 2 - R5 ( F.Cuその他 上)
ErrType(2): 未配線アイテム
    @(148.025 mm, 106.595 mm): パッド 1 - IC1 ( F.Cuその他 上)
    @(148.150 mm, 103.000 mm): パッド 2 - CR2 ( F.Cuその他 上)
ErrType(2): 未配線アイテム
    @(148.025 mm, 106.595 mm): パッド 1 - IC1 ( F.Cuその他 上)
    @(143.500 mm, 105.213 mm): パッド 1 - Rh1 ( F.Cuその他 上)
ErrType(2): 未配線アイテム
    @(148.150 mm, 103.000 mm): パッド 2 - CR2 ( F.Cuその他 上)
    @(155.250 mm, 103.037 mm): パッド 2 - R4 ( F.Cuその他 上)
ErrType(2): 未配線アイテム
    @(144.065 mm, 94.510 mm): パッド 1 - Q1 ( F.Cuその他 上)
    @(144.065 mm, 95.170 mm): パッド 2 - Q1 ( F.Cuその他 上)
ErrType(2): 未配線アイテム
    @(144.065 mm, 95.170 mm): パッド 2 - Q1 ( F.Cuその他 上)
    @(144.065 mm, 95.830 mm): パッド 3 - Q1 ( F.Cuその他 上)
ErrType(2): 未配線アイテム
    @(144.065 mm, 95.170 mm): パッド 2 - Q1 ( F.Cuその他 上)
    @(140.400 mm, 95.500 mm): パッド 1 - R2 ( F.Cuその他 上)
ErrType(2): 未配線アイテム
    @(139.500 mm, 99.100 mm): パッド 1 - CR1 ( F.Cuその他 上)
    @(140.400 mm, 95.500 mm): パッド 1 - R2 ( F.Cuその他 上)
ErrType(2): 未配線アイテム
    @(137.000 mm, 110.750 mm): パッド 2 - RV2 ( F.Cuその他 上)
    @(138.150 mm, 105.250 mm): パッド 1 - RV2 ( F.Cuその他 上)
ErrType(2): 未配線アイテム
    @(142.713 mm, 110.250 mm): パッド 1 - R6 ( F.Cuその他 上)
    @(137.000 mm, 110.750 mm): パッド 2 - RV2 ( F.Cuその他 上)
ErrType(2): 未配線アイテム
    @(138.150 mm, 105.250 mm): パッド 1 - RV2 ( F.Cuその他 上)
    @(139.500 mm, 99.100 mm): パッド 1 - CR1 ( F.Cuその他 上)
ErrType(2): 未配線アイテム
    @(165.475 mm, 106.595 mm): パッド 8 - Q2 ( F.Cuその他 上)
    @(165.475 mm, 107.865 mm): パッド 7 - Q2 ( F.Cuその他 上)
ErrType(2): 未配線アイテム
    @(165.475 mm, 107.865 mm): パッド 7 - Q2 ( F.Cuその他 上)
    @(165.475 mm, 109.135 mm): パッド 6 - Q2 ( F.Cuその他 上)
ErrType(2): 未配線アイテム
    @(165.475 mm, 109.135 mm): パッド 6 - Q2 ( F.Cuその他 上)
    @(165.475 mm, 110.405 mm): パッド 5 - Q2 ( F.Cuその他 上)
ErrType(2): 未配線アイテム
    @(145.850 mm, 103.000 mm): パッド 1 - CR2 ( F.Cuその他 上)
    @(146.713 mm, 100.500 mm): パッド 1 - R5 ( F.Cuその他 上)
ErrType(2): 未配線アイテム
    @(146.713 mm, 100.500 mm): パッド 1 - R5 ( F.Cuその他 上)
    @(165.475 mm, 106.595 mm): パッド 8 - Q2 ( F.Cuその他 上)
ErrType(2): 未配線アイテム
    @(162.500 mm, 100.550 mm): パッド 1 - Q3 ( F.Cuその他 上)
    @(159.250 mm, 101.463 mm): パッド 1 - R7 ( F.Cuその他 上)
ErrType(2): 未配線アイテム
    @(162.250 mm, 96.400 mm): パッド 1 - CR4 ( F.Cuその他 上)
    @(162.500 mm, 100.550 mm): パッド 1 - Q3 ( F.Cuその他 上)
ErrType(2): 未配線アイテム
    @(159.250 mm, 101.463 mm): パッド 1 - R7 ( F.Cuその他 上)
    @(155.750 mm, 96.400 mm): パッド 1 - CR3 ( F.Cuその他 上)

** End of Report **
